<html>
<body>
<pre>
<h1>µVision Build Log</h1>
<h2>Project:</h2>
D:\Google Drive\HLib_git\firmware\templates\STM32F100_Starter\Keil\STM32F100_Starter.uvproj
Project File Date:  01/10/2014

<h2>Output:</h2>
Build target 'STM32F100_Starter'
compiling system_stm32f10x.c...
assembling startup_stm32f10x_ld_vl.s...
compiling misc.c...
compiling stm32f10x_adc.c...
compiling stm32f10x_bkp.c...
compiling stm32f10x_can.c...
compiling stm32f10x_cec.c...
compiling stm32f10x_crc.c...
compiling stm32f10x_dac.c...
compiling stm32f10x_dbgmcu.c...
compiling stm32f10x_dma.c...
compiling stm32f10x_exti.c...
compiling stm32f10x_flash.c...
compiling stm32f10x_fsmc.c...
compiling stm32f10x_gpio.c...
compiling stm32f10x_i2c.c...
compiling stm32f10x_iwdg.c...
compiling stm32f10x_pwr.c...
compiling stm32f10x_rcc.c...
compiling stm32f10x_rtc.c...
compiling stm32f10x_sdio.c...
compiling stm32f10x_spi.c...
compiling stm32f10x_tim.c...
compiling stm32f10x_usart.c...
compiling stm32f10x_wwdg.c...
compiling hl_adc.cpp...
compiling hl_crc.cpp...
compiling hl_hd44780.cpp...
compiling hl_led.cpp...
compiling hl_pin.cpp...
compiling hl_spi_base.cpp...
compiling hl_uart.cpp...
compiling hl_util.cpp...
compiling hlib.cpp...
compiling app.cpp...
src\app.cpp(45): error:  #20: identifier "LEDS" is undefined
".\STM32F100_Starter.axf" - 1 Errors, 0 Warning(s).
Target not created
Build target 'STM32F100_Starter'
compiling app.cpp...
linking...
Program Size: Code=8224 RO-data=452 RW-data=68 ZI-data=1636  
FromELF: creating hex file...
".\STM32F100_Starter.axf" - 0 Errors, 0 Warning(s).
